============================= test session starts ==============================
platform darwin -- Python 3.12.8, pytest-8.4.2, pluggy-1.6.0 -- /Users/jeff/experiments/network_flow_solver/.venv/bin/python
cachedir: .pytest_cache
hypothesis profile 'default'
rootdir: /Users/jeff/experiments/network_flow_solver
configfile: pytest.ini
plugins: hypothesis-6.142.1, anyio-4.11.0, cov-7.0.0
collecting ... collected 464 items

tests/integration/test_cli_example.py::test_example_cli_script_produces_solution PASSED [  0%]
tests/integration/test_cli_example.py::test_dimacs_cli_script_produces_solution PASSED [  0%]
tests/integration/test_cli_example.py::test_textbook_cli_script_produces_solution PASSED [  0%]
tests/integration/test_cli_example.py::test_large_transport_cli_script PASSED [  0%]
tests/integration/test_cli_example.py::test_cli_fails_with_missing_edges PASSED [  1%]
tests/integration/test_cli_example.py::test_cli_fails_when_lower_exceeds_capacity PASSED [  1%]
tests/integration/test_solver_end_to_end.py::test_solver_end_to_end PASSED [  1%]
tests/integration/test_solver_end_to_end.py::test_dimacs_example_fixture PASSED [  1%]
tests/integration/test_solver_end_to_end.py::test_textbook_transport_fixture PASSED [  1%]
tests/integration/test_solver_end_to_end.py::test_large_transport_fixture PASSED [  2%]
tests/integration/test_solver_performance.py::test_medium_network_solves_within_budget PASSED [  2%]
tests/integration/test_unbounded_detection.py::test_unbounded_cycle_raises_runtime_error PASSED [  2%]
tests/integration/test_unbounded_detection.py::test_infeasible_demand_reports_infeasible_status PASSED [  2%]
tests/integration/test_undirected_performance.py::test_large_undirected_chain_expansion PASSED [  3%]
tests/test_large_directed.py::test_large_chain_flow_distribution PASSED  [  3%]
tests/test_large_directed.py::test_large_chain_is_deterministic PASSED   [  3%]
tests/test_large_directed.py::test_multi_source_multi_sink_balancing PASSED [  3%]
tests/test_large_directed.py::test_large_undirected_chain_expansion PASSED [  3%]
tests/test_property_min_cost_flow.py::test_min_cost_flow_respects_mass_balance PASSED [  4%]
tests/unit/test_adaptive_refactorization.py::TestAdaptiveRefactorizationConfig::test_default_options_enable_adaptive PASSED [  4%]
tests/unit/test_adaptive_refactorization.py::TestAdaptiveRefactorizationConfig::test_can_disable_adaptive_refactorization PASSED [  4%]
tests/unit/test_adaptive_refactorization.py::TestAdaptiveRefactorizationConfig::test_can_customize_condition_number_threshold PASSED [  4%]
tests/unit/test_adaptive_refactorization.py::TestAdaptiveRefactorizationConfig::test_can_customize_adaptive_ft_limits PASSED [  4%]
tests/unit/test_adaptive_refactorization.py::TestAdaptiveRefactorizationConfig::test_validation_rejects_invalid_condition_threshold PASSED [  5%]
tests/unit/test_adaptive_refactorization.py::TestAdaptiveRefactorizationConfig::test_validation_rejects_invalid_adaptive_ft_bounds PASSED [  5%]
tests/unit/test_adaptive_refactorization.py::TestConditionNumberEstimation::test_condition_number_estimated_for_valid_basis PASSED [  5%]
tests/unit/test_adaptive_refactorization.py::TestConditionNumberEstimation::test_condition_number_none_when_basis_not_built PASSED [  5%]
tests/unit/test_adaptive_refactorization.py::TestAdaptiveRefactorizationBehavior::test_adaptive_refactorization_enabled_by_default PASSED [  6%]
tests/unit/test_adaptive_refactorization.py::TestAdaptiveRefactorizationBehavior::test_adaptive_refactorization_can_be_disabled PASSED [  6%]
tests/unit/test_adaptive_refactorization.py::TestAdaptiveRefactorizationBehavior::test_solver_tracks_condition_number_history PASSED [  6%]
tests/unit/test_adaptive_refactorization.py::TestAdaptiveRefactorizationBehavior::test_ft_limit_can_be_adjusted_adaptively PASSED [  6%]
tests/unit/test_adaptive_refactorization.py::TestAdaptiveRefactorizationStability::test_produces_correct_results_with_adaptive PASSED [  6%]
tests/unit/test_adaptive_refactorization.py::TestAdaptiveRefactorizationEdgeCases::test_works_with_single_arc_problem PASSED [  7%]
tests/unit/test_adaptive_refactorization.py::TestAdaptiveRefactorizationEdgeCases::test_works_with_zero_costs PASSED [  7%]
tests/unit/test_adaptive_refactorization.py::TestAdaptiveRefactorizationEdgeCases::test_works_with_high_condition_number_threshold PASSED [  7%]
tests/unit/test_adaptive_refactorization.py::TestAdaptiveRefactorizationEdgeCases::test_works_with_tight_adaptive_ft_bounds PASSED [  7%]
tests/unit/test_auto_tuning.py::test_block_size_adaptation_with_high_degeneracy FAILED [  7%]
tests/unit/test_auto_tuning.py::test_block_size_adaptation_early_return_insufficient_pivots PASSED [  8%]
tests/unit/test_auto_tuning.py::test_block_size_adaptation_logging PASSED [  8%]
tests/unit/test_auto_tuning.py::test_block_size_adaptation_interval_timing FAILED [  8%]
tests/unit/test_auto_tuning.py::test_auto_tuning_with_various_problem_sizes PASSED [  8%]
tests/unit/test_auto_tuning.py::test_auto_tuning_block_size_clamping FAILED [  9%]
tests/unit/test_auto_tuning.py::test_auto_tuning_disabled_with_explicit_int PASSED [  9%]
tests/unit/test_auto_tuning.py::test_degenerate_pivot_tracking FAILED    [  9%]
tests/unit/test_basis_failures.py::TestWarmStartBasisFailures::test_warm_start_with_invalid_basis_structure PASSED [  9%]
tests/unit/test_basis_failures.py::TestWarmStartBasisFailures::test_warm_start_with_empty_basis PASSED [  9%]
tests/unit/test_basis_failures.py::TestManyBasisChanges::test_problem_requiring_many_pivots PASSED [ 10%]
tests/unit/test_basis_failures.py::TestManyBasisChanges::test_problem_with_many_degenerate_pivots PASSED [ 10%]
tests/unit/test_basis_failures.py::TestBasisNumericalStress::test_problem_with_extreme_cost_ranges_during_pivots PASSED [ 10%]
tests/unit/test_basis_failures.py::TestBasisNumericalStress::test_problem_with_tight_capacities_forcing_many_updates PASSED [ 10%]
tests/unit/test_basis_lu.py::TestBuildLU::test_build_lu_simple_matrix PASSED [ 10%]
tests/unit/test_basis_lu.py::TestBuildLU::test_build_lu_identity_matrix PASSED [ 11%]
tests/unit/test_basis_lu.py::TestBuildLU::test_build_lu_with_scipy_available PASSED [ 11%]
tests/unit/test_basis_lu.py::TestBuildLU::test_build_lu_without_scipy PASSED [ 11%]
tests/unit/test_basis_lu.py::TestBuildLU::test_build_lu_singular_matrix PASSED [ 11%]
tests/unit/test_basis_lu.py::TestBuildLU::test_build_lu_preserves_original PASSED [ 12%]
tests/unit/test_basis_lu.py::TestBuildLU::test_build_lu_large_matrix PASSED [ 12%]
tests/unit/test_basis_lu.py::TestBuildLU::test_build_lu_handles_scipy_exception PASSED [ 12%]
tests/unit/test_basis_lu.py::TestSolveLU::test_solve_lu_simple_system PASSED [ 12%]
tests/unit/test_basis_lu.py::TestSolveLU::test_solve_lu_identity_system PASSED [ 12%]
tests/unit/test_basis_lu.py::TestSolveLU::test_solve_lu_with_scipy_path PASSED [ 13%]
tests/unit/test_basis_lu.py::TestSolveLU::test_solve_lu_without_scipy PASSED [ 13%]
tests/unit/test_basis_lu.py::TestSolveLU::test_solve_lu_singular_system_returns_none PASSED [ 13%]
tests/unit/test_basis_lu.py::TestSolveLU::test_solve_lu_dimension_mismatch_raises_error PASSED [ 13%]
tests/unit/test_basis_lu.py::TestSolveLU::test_solve_lu_preserves_rhs PASSED [ 14%]
tests/unit/test_basis_lu.py::TestSolveLU::test_solve_lu_accepts_list_rhs PASSED [ 14%]
tests/unit/test_basis_lu.py::TestSolveLU::test_solve_lu_multiple_solves PASSED [ 14%]
tests/unit/test_basis_lu.py::TestSolveLU::test_solve_lu_large_system PASSED [ 14%]
tests/unit/test_basis_lu.py::TestReconstructMatrix::test_reconstruct_matrix_simple PASSED [ 14%]
tests/unit/test_basis_lu.py::TestReconstructMatrix::test_reconstruct_matrix_returns_copy PASSED [ 15%]
tests/unit/test_basis_lu.py::TestReconstructMatrix::test_reconstruct_matrix_identity PASSED [ 15%]
tests/unit/test_basis_lu.py::TestReconstructMatrix::test_reconstruct_matrix_large PASSED [ 15%]
tests/unit/test_basis_lu.py::TestLUFactorsDataclass::test_lu_factors_creation PASSED [ 15%]
tests/unit/test_basis_lu.py::TestLUFactorsDataclass::test_lu_factors_with_all_fields PASSED [ 15%]
tests/unit/test_basis_lu.py::TestEdgeCases::test_empty_matrix PASSED     [ 16%]
tests/unit/test_basis_lu.py::TestEdgeCases::test_single_element_matrix PASSED [ 16%]
tests/unit/test_basis_lu.py::TestEdgeCases::test_rectangular_matrix PASSED [ 16%]
tests/unit/test_basis_lu.py::TestEdgeCases::test_very_small_values PASSED [ 16%]
tests/unit/test_basis_lu.py::TestEdgeCases::test_very_large_values PASSED [ 17%]
tests/unit/test_basis_lu.py::TestEdgeCases::test_ill_conditioned_matrix PASSED [ 17%]
tests/unit/test_basis_lu.py::TestEdgeCases::test_zero_rhs PASSED         [ 17%]
tests/unit/test_basis_lu.py::test_scipy_solve_path_explicitly SKIPPED    [ 17%]
tests/unit/test_basis_lu.py::test_build_lu_exception_path_with_real_failure PASSED [ 17%]
tests/unit/test_basis_numeric.py::test_tree_basis_numeric_representation[True] PASSED [ 18%]
tests/unit/test_basis_numeric.py::test_tree_basis_numeric_representation[False] PASSED [ 18%]
tests/unit/test_basis_numeric.py::test_tree_basis_numeric_representation_without_ft PASSED [ 18%]
tests/unit/test_basis_numeric.py::test_rebuild_detects_disconnected_tree PASSED [ 18%]
tests/unit/test_basis_numeric.py::test_project_column_falls_back_when_inverse_unavailable PASSED [ 18%]
tests/unit/test_basis_numeric.py::test_project_column_uses_lu_when_ft_and_inverse_missing PASSED [ 19%]
tests/unit/test_basis_numeric.py::test_replace_arc_updates_mapping_for_identical_column PASSED [ 19%]
tests/unit/test_basis_numeric.py::test_replace_arc_applies_sherman_morrison_update PASSED [ 19%]
tests/unit/test_basis_numeric.py::test_replace_arc_rebuilds_lu_when_only_sparse_available PASSED [ 19%]
tests/unit/test_basis_numeric.py::test_replace_arc_handles_forrest_tomlin_failures PASSED [ 20%]
tests/unit/test_data_validation.py::test_build_problem_rejects_unbalanced_supply PASSED [ 20%]
tests/unit/test_data_validation.py::test_build_problem_checks_missing_tail PASSED [ 20%]
tests/unit/test_data_validation.py::test_build_problem_checks_missing_head PASSED [ 20%]
tests/unit/test_data_validation.py::test_build_problem_rejects_duplicate_nodes PASSED [ 20%]
tests/unit/test_data_validation.py::test_undirected_expansion_is_noop_for_directed_graph PASSED [ 21%]
tests/unit/test_data_validation.py::test_undirected_expansion_adds_negative_lower_bounds PASSED [ 21%]
tests/unit/test_data_validation.py::test_undirected_expansion_requires_finite_capacity PASSED [ 21%]
tests/unit/test_data_validation.py::test_undirected_expansion_rejects_custom_lower_bounds PASSED [ 21%]
tests/unit/test_data_validation.py::test_arc_rejects_self_loops PASSED   [ 21%]
tests/unit/test_data_validation.py::test_arc_rejects_capacity_less_than_lower PASSED [ 22%]
tests/unit/test_data_validation.py::test_build_problem_handles_missing_supply PASSED [ 22%]
tests/unit/test_data_validation.py::test_build_problem_handles_missing_arc_fields PASSED [ 22%]
tests/unit/test_data_validation.py::test_build_problem_converts_numeric_node_ids PASSED [ 22%]
tests/unit/test_data_validation.py::test_build_problem_validates_tolerance PASSED [ 23%]
tests/unit/test_data_validation.py::test_network_problem_validate_called_in_build PASSED [ 23%]
tests/unit/test_data_validation.py::test_empty_graph PASSED              [ 23%]
tests/unit/test_data_validation.py::test_single_node_graph PASSED        [ 23%]
tests/unit/test_data_validation.py::test_negative_capacity PASSED        [ 23%]
tests/unit/test_data_validation.py::test_undirected_expansion_with_zero_capacity PASSED [ 24%]
tests/unit/test_diagnostics.py::TestConvergenceMonitor::test_initialization PASSED [ 24%]
tests/unit/test_diagnostics.py::TestConvergenceMonitor::test_record_iteration_basic PASSED [ 24%]
tests/unit/test_diagnostics.py::TestConvergenceMonitor::test_degeneracy_detection PASSED [ 24%]
tests/unit/test_diagnostics.py::TestConvergenceMonitor::test_stalling_detection PASSED [ 25%]
tests/unit/test_diagnostics.py::TestConvergenceMonitor::test_improvement_tracking PASSED [ 25%]
tests/unit/test_diagnostics.py::TestConvergenceMonitor::test_window_size_limit PASSED [ 25%]
tests/unit/test_diagnostics.py::TestConvergenceMonitor::test_tolerance_increase_recommendation PASSED [ 25%]
tests/unit/test_diagnostics.py::TestConvergenceMonitor::test_diagnostic_summary PASSED [ 25%]
tests/unit/test_diagnostics.py::TestConvergenceMonitor::test_zero_objective_handling PASSED [ 26%]
tests/unit/test_diagnostics.py::TestBasisHistory::test_initialization PASSED [ 26%]
tests/unit/test_diagnostics.py::TestBasisHistory::test_record_basis PASSED [ 26%]
tests/unit/test_diagnostics.py::TestBasisHistory::test_cycling_detection PASSED [ 26%]
tests/unit/test_diagnostics.py::TestBasisHistory::test_no_cycling_with_unique_bases PASSED [ 26%]
tests/unit/test_diagnostics.py::TestBasisHistory::test_cycle_length_detection PASSED [ 27%]
tests/unit/test_diagnostics.py::TestBasisHistory::test_history_size_limit PASSED [ 27%]
tests/unit/test_diagnostics.py::TestBasisHistory::test_visit_count_tracking PASSED [ 27%]
tests/unit/test_diagnostics.py::TestBasisHistory::test_hash_consistency PASSED [ 27%]
tests/unit/test_diagnostics.py::TestBasisHistory::test_cleanup_old_counts PASSED [ 28%]
tests/unit/test_dual_values.py::test_dual_values_simple_feasible_problem PASSED [ 28%]
tests/unit/test_dual_values.py::test_dual_values_multi_node_problem PASSED [ 28%]
tests/unit/test_dual_values.py::test_dual_values_infeasible_problem PASSED [ 28%]
tests/unit/test_dual_values.py::test_dual_values_complementary_slackness PASSED [ 28%]
tests/unit/test_dual_values.py::test_dual_values_sensitivity_interpretation PASSED [ 29%]
tests/unit/test_dual_values.py::test_dual_values_zero_cost_arcs PASSED   [ 29%]
tests/unit/test_error_handling.py::TestCapacityValidation::test_capacity_less_than_lower_bound_after_adjustment PASSED [ 29%]
tests/unit/test_error_handling.py::TestCapacityValidation::test_negative_capacity PASSED [ 29%]
tests/unit/test_error_handling.py::TestCapacityValidation::test_zero_capacity_arc PASSED [ 29%]
tests/unit/test_error_handling.py::TestPricingEdgeCases::test_all_arcs_at_capacity PASSED [ 30%]
tests/unit/test_error_handling.py::TestPricingEdgeCases::test_pricing_with_very_small_reduced_costs PASSED [ 30%]
tests/unit/test_error_handling.py::TestPricingEdgeCases::test_pricing_with_zero_costs PASSED [ 30%]
tests/unit/test_error_handling.py::TestPivotEdgeCases::test_pivot_with_very_small_theta PASSED [ 30%]
tests/unit/test_error_handling.py::TestPivotEdgeCases::test_pivot_with_multiple_degenerate_candidates PASSED [ 31%]
tests/unit/test_error_handling.py::TestInfeasibilityDetection::test_infeasible_due_to_insufficient_capacity PASSED [ 31%]
tests/unit/test_error_handling.py::TestInfeasibilityDetection::test_infeasible_due_to_disconnected_graph PASSED [ 31%]
tests/unit/test_error_handling.py::TestInfeasibilityDetection::test_infeasible_with_lower_bounds PASSED [ 31%]
tests/unit/test_error_handling.py::TestUnboundedDetection::test_unbounded_with_negative_cost_cycle PASSED [ 31%]
tests/unit/test_exceptions.py::test_all_exceptions_inherit_from_base PASSED [ 32%]
tests/unit/test_exceptions.py::test_base_exception_is_exception PASSED   [ 32%]
tests/unit/test_exceptions.py::test_invalid_problem_unbalanced_supply PASSED [ 32%]
tests/unit/test_exceptions.py::test_invalid_problem_missing_node PASSED  [ 32%]
tests/unit/test_exceptions.py::test_invalid_problem_self_loop PASSED     [ 32%]
tests/unit/test_exceptions.py::test_invalid_problem_capacity_less_than_lower PASSED [ 33%]
tests/unit/test_exceptions.py::test_invalid_problem_duplicate_nodes PASSED [ 33%]
tests/unit/test_exceptions.py::test_invalid_problem_undirected_infinite_capacity PASSED [ 33%]
tests/unit/test_exceptions.py::test_invalid_problem_malformed_json PASSED [ 33%]
tests/unit/test_exceptions.py::test_unbounded_problem_with_diagnostics PASSED [ 34%]
tests/unit/test_exceptions.py::test_infeasible_problem_error_tracks_iterations PASSED [ 34%]
tests/unit/test_exceptions.py::test_numerical_instability_error_tracks_condition PASSED [ 34%]
tests/unit/test_exceptions.py::test_iteration_limit_error_tracks_state PASSED [ 34%]
tests/unit/test_exceptions.py::test_solver_configuration_error PASSED    [ 34%]
tests/unit/test_exceptions.py::test_catch_all_solver_errors PASSED       [ 35%]
tests/unit/test_exceptions.py::test_invalid_problem_missing_edge_fields PASSED [ 35%]
tests/unit/test_exceptions.py::test_solver_configuration_error_invalid_phase PASSED [ 35%]
tests/unit/test_exceptions.py::test_exception_messages_are_helpful PASSED [ 35%]
tests/unit/test_exceptions.py::test_exceptions_work_with_try_except PASSED [ 35%]
tests/unit/test_forrest_tomlin.py::test_forrest_tomlin_solve_matches_inverse_after_update PASSED [ 36%]
tests/unit/test_forrest_tomlin.py::test_forrest_tomlin_respects_update_budget PASSED [ 36%]
tests/unit/test_forrest_tomlin.py::test_forrest_tomlin_validates_square_matrices PASSED [ 36%]
tests/unit/test_forrest_tomlin.py::test_reset_requires_matching_shape PASSED [ 36%]
tests/unit/test_forrest_tomlin.py::test_solve_falls_back_to_numpy_when_lu_missing PASSED [ 37%]
tests/unit/test_forrest_tomlin.py::test_solve_returns_none_for_singular_matrix PASSED [ 37%]
tests/unit/test_forrest_tomlin.py::test_solve_rejects_dimension_mismatch PASSED [ 37%]
tests/unit/test_forrest_tomlin.py::test_update_no_op_respects_tolerance PASSED [ 37%]
tests/unit/test_forrest_tomlin.py::test_update_aborts_when_solve_fails PASSED [ 37%]
tests/unit/test_forrest_tomlin.py::test_update_rejects_small_theta PASSED [ 38%]
tests/unit/test_forrest_tomlin.py::test_update_rejects_large_norm PASSED [ 38%]
tests/unit/test_forrest_tomlin.py::test_update_respects_max_updates PASSED [ 38%]
tests/unit/test_forrest_tomlin.py::test_update_validates_indices_and_dimensions PASSED [ 38%]
tests/unit/test_forrest_tomlin.py::test_update_records_state_and_reconstruct_reflects_changes PASSED [ 39%]
tests/unit/test_forrest_tomlin.py::test_reset_successfully_resets_engine PASSED [ 39%]
tests/unit/test_io.py::test_load_problem_prefers_edges_key PASSED        [ 39%]
tests/unit/test_io.py::test_load_problem_requires_tail_and_head PASSED   [ 39%]
tests/unit/test_io.py::test_load_problem_requires_list_payloads PASSED   [ 39%]
tests/unit/test_io.py::test_load_problem_rejects_missing_edges_key PASSED [ 40%]
tests/unit/test_io.py::test_build_problem_rejects_lower_greater_than_capacity PASSED [ 40%]
tests/unit/test_io.py::test_save_result_serializes_sorted_flows PASSED   [ 40%]
tests/unit/test_io.py::test_save_result_propagates_path_errors PASSED    [ 40%]
tests/unit/test_io.py::test_load_problem_propagates_file_not_found PASSED [ 40%]
tests/unit/test_io.py::test_load_problem_propagates_json_decode_error PASSED [ 41%]
tests/unit/test_io.py::test_load_problem_handles_empty_file PASSED       [ 41%]
tests/unit/test_io.py::test_load_problem_handles_non_boolean_directed PASSED [ 41%]
tests/unit/test_io.py::test_load_problem_handles_missing_directed_field PASSED [ 41%]
tests/unit/test_io.py::test_load_problem_handles_missing_tolerance_field PASSED [ 42%]
tests/unit/test_io.py::test_normalize_edges_requires_head PASSED         [ 42%]
tests/unit/test_io.py::test_normalize_edges_provides_defaults PASSED     [ 42%]
tests/unit/test_io.py::test_save_result_handles_empty_flows PASSED       [ 42%]
tests/unit/test_io.py::test_save_result_handles_special_float_values PASSED [ 42%]
tests/unit/test_io.py::test_load_problem_accepts_string_path PASSED      [ 43%]
tests/unit/test_io.py::test_save_result_accepts_string_path PASSED       [ 43%]
tests/unit/test_io.py::test_load_problem_with_invalid_node_structure PASSED [ 43%]
tests/unit/test_numerical_stability.py::TestExtremeValues::test_very_large_cost_differences PASSED [ 43%]
tests/unit/test_numerical_stability.py::TestExtremeValues::test_very_large_supplies PASSED [ 43%]
tests/unit/test_numerical_stability.py::TestExtremeValues::test_very_small_supplies PASSED [ 44%]
tests/unit/test_numerical_stability.py::TestExtremeValues::test_mixed_scale_costs_and_capacities PASSED [ 44%]
tests/unit/test_numerical_stability.py::TestHighPrecisionSolves::test_tight_tolerance_solve PASSED [ 44%]
tests/unit/test_numerical_stability.py::TestHighPrecisionSolves::test_many_iterations_complex_problem PASSED [ 44%]
tests/unit/test_numerical_stability.py::TestDegenerateProblems::test_highly_degenerate_transportation_problem PASSED [ 45%]
tests/unit/test_numerical_stability.py::TestDegenerateProblems::test_problem_with_many_zero_flow_arcs PASSED [ 45%]
tests/unit/test_phase1_early_termination.py::test_phase1_early_termination_parallel_paths PASSED [ 45%]
tests/unit/test_phase1_early_termination.py::test_phase1_should_find_feasible_solution PASSED [ 45%]
tests/unit/test_preprocessing.py::TestRemoveRedundantArcs::test_removes_duplicate_arcs_same_cost PASSED [ 45%]
tests/unit/test_preprocessing.py::TestRemoveRedundantArcs::test_keeps_arcs_with_different_costs PASSED [ 46%]
tests/unit/test_preprocessing.py::TestRemoveRedundantArcs::test_handles_infinite_capacity_arcs PASSED [ 46%]
tests/unit/test_preprocessing.py::TestRemoveRedundantArcs::test_respects_lower_bounds PASSED [ 46%]
tests/unit/test_preprocessing.py::TestRemoveRedundantArcs::test_can_disable_redundant_removal PASSED [ 46%]
tests/unit/test_preprocessing.py::TestDetectDisconnectedComponents::test_detects_single_component PASSED [ 46%]
tests/unit/test_preprocessing.py::TestDetectDisconnectedComponents::test_detects_multiple_components PASSED [ 47%]
tests/unit/test_preprocessing.py::TestDetectDisconnectedComponents::test_treats_directed_as_undirected_for_connectivity PASSED [ 47%]
tests/unit/test_preprocessing.py::TestDetectDisconnectedComponents::test_can_disable_component_detection PASSED [ 47%]
tests/unit/test_preprocessing.py::TestSimplifySeriesArcs::test_merges_series_arcs PASSED [ 47%]
tests/unit/test_preprocessing.py::TestSimplifySeriesArcs::test_does_not_merge_non_zero_supply_node PASSED [ 48%]
tests/unit/test_preprocessing.py::TestSimplifySeriesArcs::test_does_not_merge_node_with_multiple_in_arcs PASSED [ 48%]
tests/unit/test_preprocessing.py::TestSimplifySeriesArcs::test_handles_infinite_capacity_in_series PASSED [ 48%]
tests/unit/test_preprocessing.py::TestSimplifySeriesArcs::test_can_disable_series_simplification PASSED [ 48%]
tests/unit/test_preprocessing.py::TestRemoveZeroSupplyNodes::test_removes_zero_supply_single_arc_node PASSED [ 48%]
tests/unit/test_preprocessing.py::TestRemoveZeroSupplyNodes::test_keeps_zero_supply_node_with_multiple_arcs PASSED [ 49%]
tests/unit/test_preprocessing.py::TestRemoveZeroSupplyNodes::test_can_disable_zero_supply_removal PASSED [ 49%]
tests/unit/test_preprocessing.py::TestPreprocessingStatistics::test_records_preprocessing_time PASSED [ 49%]
tests/unit/test_preprocessing.py::TestPreprocessingStatistics::test_tracks_all_optimizations PASSED [ 49%]
tests/unit/test_preprocessing.py::TestPreprocessingStatistics::test_preserves_original_problem PASSED [ 50%]
tests/unit/test_preprocessing.py::TestPreprocessAndSolve::test_preprocesses_and_solves PASSED [ 50%]
tests/unit/test_preprocessing.py::TestPreprocessAndSolve::test_passes_solver_options PASSED [ 50%]
tests/unit/test_preprocessing.py::TestPreprocessingIntegration::test_preprocessed_solution_matches_original PASSED [ 50%]
tests/unit/test_preprocessing.py::TestPreprocessingIntegration::test_large_problem_with_all_optimizations PASSED [ 50%]
tests/unit/test_progress_logging.py::test_progress_callback_called PASSED [ 51%]
tests/unit/test_progress_logging.py::test_progress_info_fields PASSED    [ 51%]
tests/unit/test_progress_logging.py::test_progress_interval PASSED       [ 51%]
tests/unit/test_progress_logging.py::test_no_progress_callback PASSED    [ 51%]
tests/unit/test_progress_logging.py::test_progress_tracks_phases PASSED  [ 51%]
tests/unit/test_progress_logging.py::test_progress_iteration_monotonic PASSED [ 52%]
tests/unit/test_scaling.py::TestScalingDetection::test_should_not_scale_balanced_problem PASSED [ 52%]
tests/unit/test_scaling.py::TestScalingDetection::test_should_scale_wide_cost_range PASSED [ 52%]
tests/unit/test_scaling.py::TestScalingDetection::test_should_scale_wide_capacity_range PASSED [ 52%]
tests/unit/test_scaling.py::TestScalingDetection::test_should_scale_wide_supply_range PASSED [ 53%]
tests/unit/test_scaling.py::TestScalingDetection::test_should_scale_cross_category_range PASSED [ 53%]
tests/unit/test_scaling.py::TestScalingDetection::test_infinite_capacity_ignored PASSED [ 53%]
tests/unit/test_scaling.py::TestScalingFactors::test_compute_factors_for_large_costs PASSED [ 53%]
tests/unit/test_scaling.py::TestScalingFactors::test_compute_factors_for_small_costs PASSED [ 53%]
tests/unit/test_scaling.py::TestScalingFactors::test_compute_factors_multiple_arcs PASSED [ 54%]
tests/unit/test_scaling.py::TestScalingTransformations::test_scale_problem_applies_factors PASSED [ 54%]
tests/unit/test_scaling.py::TestScalingTransformations::test_scale_problem_preserves_structure PASSED [ 54%]
tests/unit/test_scaling.py::TestScalingTransformations::test_scale_problem_handles_infinite_capacity PASSED [ 54%]
tests/unit/test_scaling.py::TestScalingTransformations::test_unscale_solution_reverses_scaling PASSED [ 54%]
tests/unit/test_scaling.py::TestScalingTransformations::test_unscale_disabled_returns_unchanged PASSED [ 55%]
tests/unit/test_scaling.py::TestScalingIntegration::test_solve_with_auto_scaling_enabled PASSED [ 55%]
tests/unit/test_scaling.py::TestScalingIntegration::test_solve_with_auto_scaling_disabled PASSED [ 55%]
tests/unit/test_scaling.py::TestScalingIntegration::test_scaling_preserves_optimality PASSED [ 55%]
tests/unit/test_scaling.py::TestScalingIntegration::test_scaling_improves_numerical_stability PASSED [ 56%]
tests/unit/test_scaling.py::TestScalingIntegration::test_scaling_default_enabled PASSED [ 56%]
tests/unit/test_scaling.py::TestScalingEdgeCases::test_scaling_with_zero_costs PASSED [ 56%]
tests/unit/test_scaling.py::TestScalingEdgeCases::test_scaling_with_lower_bounds PASSED [ 56%]
tests/unit/test_scaling.py::TestScalingEdgeCases::test_scaling_disabled_when_all_factors_are_one PASSED [ 56%]
tests/unit/test_simplex.py::test_iteration_limit_preserves_current_flow_state PASSED [ 57%]
tests/unit/test_simplex.py::test_phase_one_iteration_limit_reports_iteration_limit PASSED [ 57%]
tests/unit/test_simplex.py::test_forrest_tomlin_failure_uses_numeric_fallback PASSED [ 57%]
tests/unit/test_simplex.py::test_phase_one_short_circuit_triggers_before_iteration_cap PASSED [ 57%]
tests/unit/test_simplex.py::test_degenerate_pivots_do_not_inflate_tree_size PASSED [ 57%]
tests/unit/test_simplex.py::test_phase_two_stops_when_no_negative_reduced_costs PASSED [ 58%]
tests/unit/test_simplex.py::test_constructor_rejects_unbalanced_supplies_after_lower_bound_adjustment PASSED [ 58%]
tests/unit/test_simplex.py::test_constructor_rejects_capacity_lower_violation PASSED [ 58%]
tests/unit/test_simplex.py::test_initialize_tree_adds_fallback_artificial_arc PASSED [ 58%]
tests/unit/test_simplex.py::test_pricing_wraps_and_returns_none_without_candidates PASSED [ 59%]
tests/unit/test_simplex.py::test_pricing_returns_zero_candidate_when_reduced_cost_zero PASSED [ 59%]
tests/unit/test_simplex.py::test_pricing_keeps_weight_when_projection_missing PASSED [ 59%]
tests/unit/test_simplex.py::test_pricing_clamps_large_projection_weight PASSED [ 59%]
tests/unit/test_simplex.py::test_pivot_clamps_flow_to_bounds PASSED      [ 59%]
tests/unit/test_simplex.py::test_pivot_handles_degenerate_case PASSED    [ 60%]
tests/unit/test_simplex.py::test_pivot_fall_back_resets_weights_and_counts PASSED [ 60%]
tests/unit/test_simplex.py::test_apply_phase_costs_rejects_invalid_phase PASSED [ 60%]
tests/unit/test_simplex.py::test_solve_reports_infeasible_after_phase_one PASSED [ 60%]
tests/unit/test_simplex.py::test_phase_two_iteration_branches PASSED     [ 60%]
tests/unit/test_simplex.py::test_flow_post_processing_removes_and_rounds_near_zero PASSED [ 61%]
tests/unit/test_simplex.py::test_reset_devex_weights_restores_defaults PASSED [ 61%]
tests/unit/test_simplex.py::test_simplex_handles_numerical_errors_gracefully PASSED [ 61%]
tests/unit/test_simplex.py::test_find_entering_arc_with_all_nonnegative_reduced_costs PASSED [ 61%]
tests/unit/test_simplex.py::test_pivot_with_zero_theta_degenerate PASSED [ 62%]
tests/unit/test_simplex.py::test_basis_rebuild_after_ft_update_limit PASSED [ 62%]
tests/unit/test_simplex.py::test_artificial_arc_flow_tracking PASSED     [ 62%]
tests/unit/test_simplex.py::test_solver_handles_multiple_optimal_paths PASSED [ 62%]
tests/unit/test_simplex.py::test_arc_capacity_validation_during_init PASSED [ 62%]
tests/unit/test_simplex.py::test_disconnected_node_gets_artificial_arc PASSED [ 63%]
tests/unit/test_simplex.py::test_backward_residual_entering_arc PASSED   [ 63%]
tests/unit/test_simplex.py::test_degenerate_arc_selection_with_zero_reduced_cost PASSED [ 63%]
tests/unit/test_simplex.py::test_ratio_test_tie_breaking PASSED          [ 63%]
tests/unit/test_simplex.py::test_degenerate_pivot_with_allow_zero PASSED [ 64%]
tests/unit/test_simplex.py::test_infeasible_with_iteration_limit PASSED  [ 64%]
tests/unit/test_simplex.py::test_flow_aggregation_with_duplicate_keys PASSED [ 64%]
tests/unit/test_simplex.py::test_devex_weight_extreme_values PASSED      [ 64%]
tests/unit/test_simplex.py::test_near_zero_flow_removal PASSED           [ 64%]
tests/unit/test_solver.py::TestSolveMinCostFlow::test_solve_min_cost_flow_simple_problem PASSED [ 65%]
tests/unit/test_solver.py::TestSolveMinCostFlow::test_solve_min_cost_flow_with_max_iterations PASSED [ 65%]
tests/unit/test_solver.py::TestSolveMinCostFlow::test_solve_min_cost_flow_respects_iteration_limit PASSED [ 65%]
tests/unit/test_solver.py::TestSolveMinCostFlow::test_solve_min_cost_flow_with_none_iterations PASSED [ 65%]
tests/unit/test_solver.py::TestSolveMinCostFlow::test_solve_min_cost_flow_propagates_validation_errors PASSED [ 65%]
tests/unit/test_solver.py::TestSolveMinCostFlow::test_solve_min_cost_flow_fresh_solver_instance PASSED [ 66%]
tests/unit/test_solver.py::TestLoadProblemWrapper::test_load_problem_calls_io_function PASSED [ 66%]
tests/unit/test_solver.py::TestLoadProblemWrapper::test_load_problem_accepts_string_path PASSED [ 66%]
tests/unit/test_solver.py::TestLoadProblemWrapper::test_load_problem_propagates_errors PASSED [ 66%]
tests/unit/test_solver.py::TestSaveResultWrapper::test_save_result_calls_io_function PASSED [ 67%]
tests/unit/test_solver.py::TestSaveResultWrapper::test_save_result_accepts_string_path PASSED [ 67%]
tests/unit/test_solver.py::TestSaveResultWrapper::test_save_result_propagates_errors PASSED [ 67%]
tests/unit/test_solver.py::TestIntegration::test_round_trip_problem_solve_save PASSED [ 67%]
tests/unit/test_solver_options.py::test_solver_options_defaults PASSED   [ 67%]
tests/unit/test_solver_options.py::test_solver_options_custom_values PASSED [ 68%]
tests/unit/test_solver_options.py::test_solver_options_invalid_tolerance PASSED [ 68%]
tests/unit/test_solver_options.py::test_solver_options_invalid_pricing_strategy PASSED [ 68%]
tests/unit/test_solver_options.py::test_solver_options_invalid_block_size PASSED [ 68%]
tests/unit/test_solver_options.py::test_solver_options_invalid_ft_update_limit PASSED [ 68%]
tests/unit/test_solver_options.py::test_solve_with_custom_tolerance PASSED [ 69%]
tests/unit/test_solver_options.py::test_solve_with_dantzig_pricing PASSED [ 69%]
tests/unit/test_solver_options.py::test_solve_with_devex_pricing PASSED  [ 69%]
tests/unit/test_solver_options.py::test_solve_with_custom_max_iterations PASSED [ 69%]
tests/unit/test_solver_options.py::test_solve_with_custom_block_size PASSED [ 70%]
tests/unit/test_solver_options.py::test_solve_with_custom_ft_update_limit PASSED [ 70%]
tests/unit/test_solver_options.py::test_max_iterations_parameter_overrides_options PASSED [ 70%]
tests/unit/test_solver_options.py::test_optimal_at_exact_iteration_limit PASSED [ 70%]
tests/unit/test_solver_options.py::test_options_with_none_values PASSED  [ 70%]
tests/unit/test_solver_options.py::test_solver_options_applied_to_network_simplex PASSED [ 71%]
tests/unit/test_solver_options.py::test_block_size_auto_string PASSED    [ 71%]
tests/unit/test_solver_options.py::test_block_size_none_enables_auto_tuning PASSED [ 71%]
tests/unit/test_solver_options.py::test_block_size_int_disables_auto_tuning PASSED [ 71%]
tests/unit/test_solver_options.py::test_initial_block_size_heuristic_very_small PASSED [ 71%]
tests/unit/test_solver_options.py::test_initial_block_size_heuristic_small PASSED [ 72%]
tests/unit/test_solver_options.py::test_initial_block_size_heuristic_medium PASSED [ 72%]
tests/unit/test_solver_options.py::test_auto_tuning_solves_correctly PASSED [ 72%]
tests/unit/test_specializations.py::TestTransportationDetection::test_detect_simple_transportation_problem PASSED [ 72%]
tests/unit/test_specializations.py::TestTransportationDetection::test_transportation_with_transshipment_not_detected PASSED [ 73%]
tests/unit/test_specializations.py::TestTransportationDetection::test_transportation_with_lower_bounds_not_detected PASSED [ 73%]
tests/unit/test_specializations.py::TestAssignmentDetection::test_detect_balanced_assignment_problem PASSED [ 73%]
tests/unit/test_specializations.py::TestAssignmentDetection::test_unbalanced_assignment_is_transportation PASSED [ 73%]
tests/unit/test_specializations.py::TestBipartiteMatchingDetection::test_detect_bipartite_matching PASSED [ 73%]
tests/unit/test_specializations.py::TestMaxFlowDetection::test_detect_max_flow_single_source_sink PASSED [ 74%]
tests/unit/test_specializations.py::TestShortestPathDetection::test_detect_shortest_path_unit_flow PASSED [ 74%]
tests/unit/test_specializations.py::TestBipartiteGraphDetection::test_simple_bipartite_graph PASSED [ 74%]
tests/unit/test_specializations.py::TestBipartiteGraphDetection::test_non_bipartite_graph_with_cycle PASSED [ 74%]
tests/unit/test_specializations.py::TestStructureProperties::test_source_sink_transshipment_categorization PASSED [ 75%]
tests/unit/test_specializations.py::TestSpecializationInfo::test_transportation_problem_info PASSED [ 75%]
tests/unit/test_specializations.py::TestSpecializationInfo::test_general_problem_info PASSED [ 75%]
tests/unit/test_undirected_graphs.py::test_undirected_simple_chain PASSED [ 75%]
tests/unit/test_undirected_graphs.py::test_undirected_bidirectional_flow PASSED [ 75%]
tests/unit/test_undirected_graphs.py::test_undirected_triangle_network PASSED [ 76%]
tests/unit/test_undirected_graphs.py::test_undirected_expansion_transform PASSED [ 76%]
tests/unit/test_undirected_graphs.py::test_undirected_requires_finite_capacity PASSED [ 76%]
tests/unit/test_undirected_graphs.py::test_undirected_rejects_custom_lower_bound PASSED [ 76%]
tests/unit/test_undirected_graphs.py::test_undirected_with_build_problem PASSED [ 76%]
tests/unit/test_undirected_graphs.py::test_undirected_multiple_edges PASSED [ 77%]
tests/unit/test_undirected_graphs.py::test_undirected_with_transshipment PASSED [ 77%]
tests/unit/test_undirected_graphs.py::test_undirected_negative_flow_interpretation PASSED [ 77%]
tests/unit/test_undirected_graphs.py::test_undirected_capacity_constraint PASSED [ 77%]
tests/unit/test_undirected_graphs.py::test_undirected_vs_directed_equivalent PASSED [ 78%]
tests/unit/test_undirected_graphs.py::test_undirected_error_message_quality PASSED [ 78%]
tests/unit/test_utils.py::test_extract_path_simple PASSED                [ 78%]
tests/unit/test_utils.py::test_extract_path_multi_hop PASSED             [ 78%]
tests/unit/test_utils.py::test_extract_path_no_path PASSED               [ 78%]
tests/unit/test_utils.py::test_extract_path_same_node PASSED             [ 79%]
tests/unit/test_utils.py::test_extract_path_invalid_node PASSED          [ 79%]
tests/unit/test_utils.py::test_extract_path_with_branching PASSED        [ 79%]
tests/unit/test_utils.py::test_validate_flow_valid_solution PASSED       [ 79%]
tests/unit/test_utils.py::test_validate_flow_capacity_violation PASSED   [ 79%]
tests/unit/test_utils.py::test_validate_flow_lower_bound_violation PASSED [ 80%]
tests/unit/test_utils.py::test_validate_flow_balance_violation PASSED    [ 80%]
tests/unit/test_utils.py::test_validate_flow_with_tolerance PASSED       [ 80%]
tests/unit/test_utils.py::test_compute_bottleneck_arcs_simple PASSED     [ 80%]
tests/unit/test_utils.py::test_compute_bottleneck_arcs_threshold PASSED  [ 81%]
tests/unit/test_utils.py::test_compute_bottleneck_arcs_no_bottlenecks PASSED [ 81%]
tests/unit/test_utils.py::test_compute_bottleneck_arcs_infinite_capacity PASSED [ 81%]
tests/unit/test_utils.py::test_compute_bottleneck_arcs_sorting PASSED    [ 81%]
tests/unit/test_utils.py::test_compute_bottleneck_arcs_with_cost PASSED  [ 81%]
tests/unit/test_utils.py::test_utilities_integration PASSED              [ 82%]
tests/unit/test_validation.py::test_well_conditioned_problem PASSED      [ 82%]
tests/unit/test_validation.py::test_extreme_cost_detection PASSED        [ 82%]
tests/unit/test_validation.py::test_extreme_capacity_detection PASSED    [ 82%]
tests/unit/test_validation.py::test_extreme_supply_detection PASSED      [ 82%]
tests/unit/test_validation.py::test_wide_cost_range_detection PASSED     [ 83%]
tests/unit/test_validation.py::test_wide_capacity_range_detection PASSED [ 83%]
tests/unit/test_validation.py::test_recommended_tolerance_adjustment PASSED [ 83%]
tests/unit/test_validation.py::test_validate_numeric_properties_with_warnings PASSED [ 83%]
tests/unit/test_validation.py::test_validate_numeric_properties_strict_mode PASSED [ 84%]
tests/unit/test_validation.py::test_validate_numeric_properties_no_warnings_suppressed PASSED [ 84%]
tests/unit/test_validation.py::test_zero_cost_handling PASSED            [ 84%]
tests/unit/test_validation.py::test_infinite_capacity_handling PASSED    [ 84%]
tests/unit/test_validation.py::test_multiple_warning_severities PASSED   [ 84%]
tests/unit/test_validation.py::test_small_cost_values PASSED             [ 85%]
tests/unit/test_validation.py::test_small_capacity_values PASSED         [ 85%]
tests/unit/test_validation.py::test_small_supply_values PASSED           [ 85%]
tests/unit/test_validation.py::test_medium_cost_range_warning PASSED     [ 85%]
tests/unit/test_validation.py::test_medium_capacity_range_warning PASSED [ 85%]
tests/unit/test_validation.py::test_wide_supply_range_detection PASSED   [ 86%]
tests/unit/test_validation.py::test_low_severity_warnings_truncation PASSED [ 86%]
tests/unit/test_validation.py::test_recommended_tolerance_for_medium_range PASSED [ 86%]
tests/unit/test_visualization.py::TestVisualizeNetwork::test_simple_network PASSED [ 86%]
tests/unit/test_visualization.py::TestVisualizeNetwork::test_multi_node_network PASSED [ 87%]
tests/unit/test_visualization.py::TestVisualizeNetwork::test_custom_layout PASSED [ 87%]
tests/unit/test_visualization.py::TestVisualizeNetwork::test_invalid_layout_fallback PASSED [ 87%]
tests/unit/test_visualization.py::TestVisualizeNetwork::test_custom_figsize PASSED [ 87%]
tests/unit/test_visualization.py::TestVisualizeNetwork::test_hide_arc_labels PASSED [ 87%]
tests/unit/test_visualization.py::TestVisualizeNetwork::test_custom_title PASSED [ 88%]
tests/unit/test_visualization.py::TestVisualizeNetwork::test_transshipment_nodes PASSED [ 88%]
tests/unit/test_visualization.py::TestVisualizeFlows::test_simple_flows PASSED [ 88%]
tests/unit/test_visualization.py::TestVisualizeFlows::test_multi_node_flows PASSED [ 88%]
tests/unit/test_visualization.py::TestVisualizeFlows::test_highlight_bottlenecks PASSED [ 89%]
tests/unit/test_visualization.py::TestVisualizeFlows::test_no_highlight_bottlenecks PASSED [ 89%]
tests/unit/test_visualization.py::TestVisualizeFlows::test_show_zero_flows PASSED [ 89%]
tests/unit/test_visualization.py::TestVisualizeFlows::test_hide_zero_flows PASSED [ 89%]
tests/unit/test_visualization.py::TestVisualizeFlows::test_custom_layout PASSED [ 89%]
tests/unit/test_visualization.py::TestVisualizeFlows::test_custom_title PASSED [ 90%]
tests/unit/test_visualization.py::TestVisualizeFlows::test_custom_bottleneck_threshold PASSED [ 90%]
tests/unit/test_visualization.py::TestVisualizeBottlenecks::test_bottleneck_visualization PASSED [ 90%]
tests/unit/test_visualization.py::TestVisualizeBottlenecks::test_no_bottlenecks PASSED [ 90%]
tests/unit/test_visualization.py::TestVisualizeBottlenecks::test_custom_threshold PASSED [ 90%]
tests/unit/test_visualization.py::TestVisualizeBottlenecks::test_custom_layout PASSED [ 91%]
tests/unit/test_visualization.py::TestVisualizeBottlenecks::test_custom_title PASSED [ 91%]
tests/unit/test_visualization.py::TestVisualizeBottlenecks::test_multi_node_bottlenecks PASSED [ 91%]
tests/unit/test_visualization.py::TestVisualizationErrors::test_missing_dependencies_error PASSED [ 91%]
tests/unit/test_visualization.py::TestVisualizationIntegration::test_network_then_flows PASSED [ 92%]
tests/unit/test_visualization.py::TestVisualizationIntegration::test_all_layouts PASSED [ 92%]
tests/unit/test_visualization.py::TestVisualizationEdgeCases::test_infinite_capacity_display PASSED [ 92%]
tests/unit/test_visualization.py::TestVisualizationEdgeCases::test_undirected_network_visualization PASSED [ 92%]
tests/unit/test_visualization.py::TestVisualizationEdgeCases::test_undirected_flows_visualization PASSED [ 92%]
tests/unit/test_visualization.py::TestVisualizationEdgeCases::test_undirected_bottlenecks_visualization PASSED [ 93%]
tests/unit/test_visualization.py::TestVisualizationEdgeCases::test_planar_layout_network PASSED [ 93%]
tests/unit/test_visualization.py::TestVisualizationEdgeCases::test_planar_layout_flows PASSED [ 93%]
tests/unit/test_visualization.py::TestVisualizationEdgeCases::test_planar_layout_bottlenecks PASSED [ 93%]
tests/unit/test_visualization.py::TestVisualizationEdgeCases::test_mostly_source_nodes PASSED [ 93%]
tests/unit/test_visualization.py::TestVisualizationEdgeCases::test_all_transshipment_nodes PASSED [ 94%]
tests/unit/test_visualization.py::TestVisualizationEdgeCases::test_visualize_flows_zero_capacity_arc PASSED [ 94%]
tests/unit/test_visualization.py::TestVisualizationEdgeCases::test_visualize_bottlenecks_with_infinite_capacity PASSED [ 94%]
tests/unit/test_visualization.py::TestVisualizationEdgeCases::test_visualize_bottlenecks_with_zero_capacity PASSED [ 94%]
tests/unit/test_visualization.py::TestVisualizationEdgeCases::test_visualize_flows_all_zero_flows PASSED [ 95%]
tests/unit/test_visualization.py::TestVisualizationEdgeCases::test_visualize_network_large_numbers PASSED [ 95%]
tests/unit/test_warm_start.py::TestWarmStartBasics::test_warm_start_with_none_basis PASSED [ 95%]
tests/unit/test_warm_start.py::TestWarmStartBasics::test_warm_start_identical_problem PASSED [ 95%]
tests/unit/test_warm_start.py::TestWarmStartBasics::test_warm_start_simple_capacity_increase PASSED [ 95%]
tests/unit/test_warm_start.py::TestWarmStartEdgeCases::test_warm_start_incompatible_basis_different_arcs PASSED [ 96%]
tests/unit/test_warm_start.py::TestWarmStartEdgeCases::test_warm_start_with_empty_basis PASSED [ 96%]
tests/unit/test_warm_start.py::TestWarmStartEdgeCases::test_warm_start_capacity_decrease_infeasible_flow PASSED [ 96%]
tests/unit/test_warm_start.py::TestWarmStartModifications::test_warm_start_supply_change PASSED [ 96%]
tests/unit/test_warm_start.py::TestWarmStartModifications::test_warm_start_cost_change PASSED [ 96%]
tests/unit/test_warm_start.py::TestWarmStartModifications::test_warm_start_add_arc PASSED [ 97%]
tests/unit/test_warm_start.py::TestWarmStartModifications::test_warm_start_remove_arc PASSED [ 97%]
tests/unit/test_warm_start.py::TestWarmStartSequential::test_sequential_warm_starts PASSED [ 97%]
tests/unit/test_warm_start.py::TestWarmStartSequential::test_sequential_warm_starts_with_increasing_demand PASSED [ 97%]
tests/unit/test_warm_start.py::TestWarmStartComplexNetworks::test_warm_start_multi_commodity_style PASSED [ 98%]
tests/unit/test_warm_start.py::TestWarmStartComplexNetworks::test_warm_start_with_cycles PASSED [ 98%]
tests/unit/test_warm_start.py::TestWarmStartBasisExtraction::test_basis_extraction_contains_correct_arcs PASSED [ 98%]
tests/unit/test_warm_start.py::TestWarmStartBasisExtraction::test_basis_flows_match_result_flows PASSED [ 98%]
tests/unit/test_warm_start.py::TestWarmStartMultiComponent::test_warm_start_with_disconnected_components PASSED [ 98%]
tests/unit/test_warm_start.py::TestWarmStartMultiComponent::test_warm_start_requires_multiple_artificial_arcs PASSED [ 99%]
tests/unit/test_warm_start.py::TestWarmStartMultiComponent::test_warm_start_single_arc_basis_creates_components PASSED [ 99%]
tests/unit/test_warm_start.py::TestWarmStartLogging::test_warm_start_success_logging PASSED [ 99%]
tests/unit/test_warm_start.py::TestWarmStartLogging::test_warm_start_failure_logging PASSED [ 99%]
tests/unit/test_warm_start.py::TestWarmStartLogging::test_warm_start_phase_skip_logging PASSED [100%]

=================================== FAILURES ===================================
_______________ test_block_size_adaptation_with_high_degeneracy ________________
tests/unit/test_auto_tuning.py:49: in test_block_size_adaptation_with_high_degeneracy
    assert hasattr(solver, "degenerate_pivot_count")
E   AssertionError: assert False
E    +  where False = hasattr(<network_solver.simplex.NetworkSimplex object at 0x10a4745c0>, 'degenerate_pivot_count')
__________________ test_block_size_adaptation_interval_timing __________________
tests/unit/test_auto_tuning.py:147: in test_block_size_adaptation_interval_timing
    assert solver.adaptation_interval == 50
           ^^^^^^^^^^^^^^^^^^^^^^^^^^
E   AttributeError: 'NetworkSimplex' object has no attribute 'adaptation_interval'
_____________________ test_auto_tuning_block_size_clamping _____________________
tests/unit/test_auto_tuning.py:217: in test_auto_tuning_block_size_clamping
    solver.block_size = 15  # Start with small block size
    ^^^^^^^^^^^^^^^^^
E   AttributeError: property 'block_size' of 'NetworkSimplex' object has no setter
________________________ test_degenerate_pivot_tracking ________________________
tests/unit/test_auto_tuning.py:289: in test_degenerate_pivot_tracking
    assert solver.degenerate_pivot_count == 0
           ^^^^^^^^^^^^^^^^^^^^^^^^^^^^^
E   AttributeError: 'NetworkSimplex' object has no attribute 'degenerate_pivot_count'
=============================== warnings summary ===============================
<frozen importlib._bootstrap>:488
  <frozen importlib._bootstrap>:488: DeprecationWarning: builtin type SwigPyPacked has no __module__ attribute

<frozen importlib._bootstrap>:488
  <frozen importlib._bootstrap>:488: DeprecationWarning: builtin type SwigPyObject has no __module__ attribute

-- Docs: https://docs.pytest.org/en/stable/how-to/capture-warnings.html
=========================== short test summary info ============================
FAILED tests/unit/test_auto_tuning.py::test_block_size_adaptation_with_high_degeneracy
FAILED tests/unit/test_auto_tuning.py::test_block_size_adaptation_interval_timing
FAILED tests/unit/test_auto_tuning.py::test_auto_tuning_block_size_clamping
FAILED tests/unit/test_auto_tuning.py::test_degenerate_pivot_tracking - Attri...
======= 4 failed, 459 passed, 1 skipped, 2 warnings in 77.35s (0:01:17) ========
sys:1: DeprecationWarning: builtin type swigvarlink has no __module__ attribute
